SELECT *
FROM V$SGASTAT
WHERE name = 'free memory'
AND pool = 'shared pool';

SELECT namespace, pins, pinhits, reloads, invalidations
FROM V$LIBRARYCACHE
ORDER BY namespace;

show parameter shared_pool_size;

show parameter shared_pool_reserved_size;

 V$DB_OBJECT_CACHE

V$DB_OBJECT_CACHE displays database objects that are cached in the library cache. 
Objects include tables, indexes, clusters, synonym definitions, PL/SQL procedures and packages, and triggers. 

SQL> SET LINESIZE 150
COLUMN owner FORMAT A30
COLUMN namespace FORMAT A20
COLUMN type FORMAT A10
COLUMN name FORMAT A50

SELECT owner,
       namespace,
       type,
       name,
       sharable_mem
FROM   v$db_object_cache
ORDER BY sharable_mem;

check the row count


alter system flush shared_pool;

SQL> SET LINESIZE 150
COLUMN owner FORMAT A30
COLUMN namespace FORMAT A20
COLUMN type FORMAT A10
COLUMN name FORMAT A50

SELECT owner,
       namespace,
       type,
       name,
       sharable_mem
FROM   v$db_object_cache
ORDER BY sharable_mem;


SQL> create table emp (n number);

Table created.

SQL> insert into emp values(1);

1 row created.

SQL> commit
  2  ;

Commit complete.

SQL> select *From emp;

	 N
----------
	 1

SQL> select sql_id from v$Sqlarea where sql_Text like 'select *From emp';

SQL_ID
-------------
59tfdydwdk4vz

SQL> select ADDRESS, HASH_VALUE from V$SQLAREA where SQL_ID like '59tfdydwdk4vz';

ADDRESS 	 HASH_VALUE
---------------- ----------
00000000768A2208 2027492223



SQL> exec DBMS_SHARED_POOL.PURGE ('00000000768A2208','2027492223','C');
BEGIN DBMS_SHARED_POOL.PURGE ('00000000768A2208','2027492223','C'); END;

      *
ERROR at line 1:
ORA-06550: line 1, column 7:
PLS-00201: identifier 'DBMS_SHARED_POOL.PURGE' must be declared
ORA-06550: line 1, column 7:
PL/SQL: Statement ignored


SQL> exit
Disconnected from Oracle Database 19c Enterprise Edition Release 19.0.0.0.0 - Production
Version 19.3.0.0.0
[oracle@localhost admin]$ pwd
/u01/app/oracle/product/19.3.0/dbhome_1/sqlplus/admin
[oracle@localhost admin]$ cd ..
[oracle@localhost sqlplus]$ cd ..
[oracle@localhost dbhome_1]$ pwd
/u01/app/oracle/product/19.3.0/dbhome_1
[oracle@localhost dbhome_1]$ cd rdbms/admin/
[oracle@localhost admin]$ sqlplus system/oracle

SQL*Plus: Release 19.0.0.0.0 - Production on Mon Dec 13 15:07:47 2021
Version 19.3.0.0.0

Copyright (c) 1982, 2019, Oracle.  All rights reserved.

Last Successful login time: Mon Dec 13 2021 15:07:42 +05:30

Connected to:
Oracle Database 19c Enterprise Edition Release 19.0.0.0.0 - Production
Version 19.3.0.0.0


[oracle@localhost admin]$ pwd
/u01/app/oracle/product/19.3.0/dbhome_1/rdbms/admin
[oracle@localhost admin]$ sqlplus system/oracle

SQL*Plus: Release 19.0.0.0.0 - Production on Mon Dec 13 15:09:00 2021
Version 19.3.0.0.0

Copyright (c) 1982, 2019, Oracle.  All rights reserved.

Last Successful login time: Mon Dec 13 2021 15:08:42 +05:30

Connected to:
Oracle Database 19c Enterprise Edition Release 19.0.0.0.0 - Production
Version 19.3.0.0.0

SQL> @dbmspool.sql

Session altered.


Package created.


Grant succeeded.


Session altered.


SQL> exec DBMS_SHARED_POOL.PURGE ('00000000768A2208,2027492223','C');

PL/SQL procedure successfully completed.

SQL> select ADDRESS, HASH_VALUE from V$SQLAREA where SQL_ID like '59tfdydwdk4vz';

no rows selected



